#! /usr/bin/vvp
:ivl_version "10.3 (stable)";
:ivl_delay_selection "TYPICAL";
:vpi_time_precision - 12;
:vpi_module "system";
:vpi_module "vhdl_sys";
:vpi_module "v2005_math";
:vpi_module "va_math";
S_0x558786620120 .scope module, "tb_async_fifo" "tb_async_fifo" 2 3;
 .timescale -9 -12;
P_0x55878663cfa0 .param/l "ADDR_WIDTH" 0 2 6, +C4<00000000000000000000000000001000>;
P_0x55878663cfe0 .param/l "DATA_WIDTH" 0 2 5, +C4<00000000000000000000000000001000>;
v0x55878667c6b0_0 .net "empty", 0 0, L_0x55878668de30;  1 drivers
v0x55878667c770_0 .net "full", 0 0, L_0x55878668e330;  1 drivers
v0x55878667c810_0 .var "rd_clk", 0 0;
v0x55878667c8b0_0 .var/i "rd_cnt", 31 0;
v0x55878667c950_0 .net "rd_data", 7 0, v0x55878667b520_0;  1 drivers
v0x55878667c9f0_0 .var "rd_en", 0 0;
v0x55878667cac0_0 .var "rd_rst_n", 0 0;
v0x55878667cb90_0 .var "wr_clk", 0 0;
v0x55878667cc60_0 .var/i "wr_cnt", 31 0;
v0x55878667cd00_0 .var "wr_data", 7 0;
v0x55878667cdd0_0 .var "wr_en", 0 0;
v0x55878667cea0_0 .var "wr_rst_n", 0 0;
E_0x558786647a90 .event posedge, v0x55878667b460_0;
E_0x558786648f70 .event edge, v0x55878667ba40_0;
E_0x5587866480b0 .event posedge, v0x55878667bed0_0;
E_0x558786648200 .event edge, v0x55878667c4b0_0;
S_0x558786651120 .scope module, "u_fifo" "async_fifo" 2 24, 3 3 0, S_0x558786620120;
 .timescale -9 -12;
    .port_info 0 /INPUT 1 "wr_clk"
    .port_info 1 /INPUT 1 "wr_rst_n"
    .port_info 2 /INPUT 1 "wr_en"
    .port_info 3 /INPUT 8 "wr_data"
    .port_info 4 /OUTPUT 1 "full"
    .port_info 5 /INPUT 1 "rd_clk"
    .port_info 6 /INPUT 1 "rd_rst_n"
    .port_info 7 /INPUT 1 "rd_en"
    .port_info 8 /OUTPUT 8 "rd_data"
    .port_info 9 /OUTPUT 1 "empty"
P_0x5587866512f0 .param/l "ADDR_WIDTH" 0 3 5, +C4<00000000000000000000000000001000>;
P_0x558786651330 .param/l "DATA_WIDTH" 0 3 4, +C4<00000000000000000000000000001000>;
P_0x558786651370 .param/l "DEPTH" 1 3 20, +C4<0000000000000000000000000000000100000000>;
L_0x5587866516d0 .functor AND 1, v0x55878667cdd0_0, L_0x55878667cf70, C4<1>, C4<1>;
L_0x5587866515c0 .functor AND 1, v0x55878667c9f0_0, L_0x55878668d3a0, C4<1>, C4<1>;
L_0x558786620690 .functor XOR 9, L_0x55878668d990, L_0x55878668d2b0, C4<000000000>, C4<000000000>;
L_0x558786620580 .functor XOR 9, L_0x55878668dc60, L_0x55878668d720, C4<000000000>, C4<000000000>;
L_0x558786646b70 .functor NOT 2, L_0x55878668df20, C4<00>, C4<00>, C4<00>;
v0x558786641150_0 .net *"_s1", 0 0, L_0x55878667cf70;  1 drivers
v0x558786642560_0 .net *"_s13", 0 0, L_0x55878668d3a0;  1 drivers
v0x558786642cd0_0 .net *"_s14", 0 0, L_0x5587866515c0;  1 drivers
L_0x7f6874ae50a8 .functor BUFT 1, C4<000000001>, C4<0>, C4<0>, C4<0>;
v0x55878663d3a0_0 .net/2u *"_s16", 8 0, L_0x7f6874ae50a8;  1 drivers
L_0x7f6874ae50f0 .functor BUFT 1, C4<000000000>, C4<0>, C4<0>, C4<0>;
v0x55878663d440_0 .net/2u *"_s18", 8 0, L_0x7f6874ae50f0;  1 drivers
v0x55878663e230_0 .net *"_s2", 0 0, L_0x5587866516d0;  1 drivers
v0x55878663e2d0_0 .net *"_s20", 8 0, L_0x55878668d560;  1 drivers
v0x55878667a500_0 .net *"_s24", 8 0, L_0x55878668d990;  1 drivers
v0x55878667a5e0_0 .net *"_s26", 7 0, L_0x55878668d850;  1 drivers
L_0x7f6874ae5138 .functor BUFT 1, C4<0>, C4<0>, C4<0>, C4<0>;
v0x55878667a6c0_0 .net *"_s28", 0 0, L_0x7f6874ae5138;  1 drivers
v0x55878667a7a0_0 .net *"_s32", 8 0, L_0x55878668dc60;  1 drivers
v0x55878667a880_0 .net *"_s34", 7 0, L_0x55878668db70;  1 drivers
L_0x7f6874ae5180 .functor BUFT 1, C4<0>, C4<0>, C4<0>, C4<0>;
v0x55878667a960_0 .net *"_s36", 0 0, L_0x7f6874ae5180;  1 drivers
L_0x7f6874ae5018 .functor BUFT 1, C4<000000001>, C4<0>, C4<0>, C4<0>;
v0x55878667aa40_0 .net/2u *"_s4", 8 0, L_0x7f6874ae5018;  1 drivers
v0x55878667ab20_0 .net *"_s43", 1 0, L_0x55878668df20;  1 drivers
v0x55878667ac00_0 .net *"_s44", 1 0, L_0x558786646b70;  1 drivers
v0x55878667ace0_0 .net *"_s47", 6 0, L_0x55878668e080;  1 drivers
v0x55878667adc0_0 .net *"_s48", 8 0, L_0x55878668e170;  1 drivers
L_0x7f6874ae5060 .functor BUFT 1, C4<000000000>, C4<0>, C4<0>, C4<0>;
v0x55878667aea0_0 .net/2u *"_s6", 8 0, L_0x7f6874ae5060;  1 drivers
v0x55878667af80_0 .net *"_s8", 8 0, L_0x55878668d0f0;  1 drivers
v0x55878667b060_0 .net "empty", 0 0, L_0x55878668de30;  alias, 1 drivers
v0x55878667b120_0 .net "full", 0 0, L_0x55878668e330;  alias, 1 drivers
v0x55878667b1e0 .array "mem", 255 0, 7 0;
v0x55878667b2a0_0 .var "rd_bin", 8 0;
v0x55878667b380_0 .net "rd_bin_next", 8 0, L_0x55878668d720;  1 drivers
v0x55878667b460_0 .net "rd_clk", 0 0, v0x55878667c810_0;  1 drivers
v0x55878667b520_0 .var "rd_data", 7 0;
v0x55878667b600_0 .net "rd_en", 0 0, v0x55878667c9f0_0;  1 drivers
v0x55878667b6c0_0 .var "rd_gray", 8 0;
v0x55878667b7a0_0 .net "rd_gray_next", 8 0, L_0x558786620580;  1 drivers
v0x55878667b880_0 .var "rd_gray_sync1", 8 0;
v0x55878667b960_0 .var "rd_gray_sync2", 8 0;
v0x55878667ba40_0 .net "rd_rst_n", 0 0, v0x55878667cac0_0;  1 drivers
v0x55878667bd10_0 .var "wr_bin", 8 0;
v0x55878667bdf0_0 .net "wr_bin_next", 8 0, L_0x55878668d2b0;  1 drivers
v0x55878667bed0_0 .net "wr_clk", 0 0, v0x55878667cb90_0;  1 drivers
v0x55878667bf90_0 .net "wr_data", 7 0, v0x55878667cd00_0;  1 drivers
v0x55878667c070_0 .net "wr_en", 0 0, v0x55878667cdd0_0;  1 drivers
v0x55878667c130_0 .var "wr_gray", 8 0;
v0x55878667c210_0 .net "wr_gray_next", 8 0, L_0x558786620690;  1 drivers
v0x55878667c2f0_0 .var "wr_gray_sync1", 8 0;
v0x55878667c3d0_0 .var "wr_gray_sync2", 8 0;
v0x55878667c4b0_0 .net "wr_rst_n", 0 0, v0x55878667cea0_0;  1 drivers
E_0x558786620b00/0 .event negedge, v0x55878667c4b0_0;
E_0x558786620b00/1 .event posedge, v0x55878667bed0_0;
E_0x558786620b00 .event/or E_0x558786620b00/0, E_0x558786620b00/1;
E_0x558786644af0/0 .event negedge, v0x55878667ba40_0;
E_0x558786644af0/1 .event posedge, v0x55878667b460_0;
E_0x558786644af0 .event/or E_0x558786644af0/0, E_0x558786644af0/1;
L_0x55878667cf70 .reduce/nor L_0x55878668e330;
L_0x55878668d0f0 .functor MUXZ 9, L_0x7f6874ae5060, L_0x7f6874ae5018, L_0x5587866516d0, C4<>;
L_0x55878668d2b0 .arith/sum 9, v0x55878667bd10_0, L_0x55878668d0f0;
L_0x55878668d3a0 .reduce/nor L_0x55878668de30;
L_0x55878668d560 .functor MUXZ 9, L_0x7f6874ae50f0, L_0x7f6874ae50a8, L_0x5587866515c0, C4<>;
L_0x55878668d720 .arith/sum 9, v0x55878667b2a0_0, L_0x55878668d560;
L_0x55878668d850 .part L_0x55878668d2b0, 1, 8;
L_0x55878668d990 .concat [ 8 1 0 0], L_0x55878668d850, L_0x7f6874ae5138;
L_0x55878668db70 .part L_0x55878668d720, 1, 8;
L_0x55878668dc60 .concat [ 8 1 0 0], L_0x55878668db70, L_0x7f6874ae5180;
L_0x55878668de30 .cmp/eq 9, L_0x558786620580, v0x55878667c3d0_0;
L_0x55878668df20 .part v0x55878667b960_0, 7, 2;
L_0x55878668e080 .part v0x55878667b960_0, 0, 7;
L_0x55878668e170 .concat [ 7 2 0 0], L_0x55878668e080, L_0x558786646b70;
L_0x55878668e330 .cmp/eq 9, L_0x558786620690, L_0x55878668e170;
    .scope S_0x558786651120;
T_0 ;
    %wait E_0x558786620b00;
    %load/vec4 v0x55878667c4b0_0;
    %nor/r;
    %flag_set/vec4 8;
    %jmp/0xz  T_0.0, 8;
    %pushi/vec4 0, 0, 9;
    %assign/vec4 v0x55878667bd10_0, 0;
    %pushi/vec4 0, 0, 9;
    %assign/vec4 v0x55878667c130_0, 0;
    %jmp T_0.1;
T_0.0 ;
    %load/vec4 v0x55878667bdf0_0;
    %assign/vec4 v0x55878667bd10_0, 0;
    %load/vec4 v0x55878667c210_0;
    %assign/vec4 v0x55878667c130_0, 0;
    %load/vec4 v0x55878667c070_0;
    %load/vec4 v0x55878667b120_0;
    %nor/r;
    %and;
    %flag_set/vec4 8;
    %jmp/0xz  T_0.2, 8;
    %load/vec4 v0x55878667bf90_0;
    %load/vec4 v0x55878667bd10_0;
    %parti/s 8, 0, 2;
    %pad/u 10;
    %ix/vec4 3;
    %ix/load 4, 0, 0; Constant delay
    %assign/vec4/a/d v0x55878667b1e0, 0, 4;
T_0.2 ;
T_0.1 ;
    %jmp T_0;
    .thread T_0;
    .scope S_0x558786651120;
T_1 ;
    %wait E_0x558786644af0;
    %load/vec4 v0x55878667ba40_0;
    %nor/r;
    %flag_set/vec4 8;
    %jmp/0xz  T_1.0, 8;
    %pushi/vec4 0, 0, 9;
    %assign/vec4 v0x55878667b2a0_0, 0;
    %pushi/vec4 0, 0, 9;
    %assign/vec4 v0x55878667b6c0_0, 0;
    %pushi/vec4 0, 0, 8;
    %assign/vec4 v0x55878667b520_0, 0;
    %jmp T_1.1;
T_1.0 ;
    %load/vec4 v0x55878667b380_0;
    %assign/vec4 v0x55878667b2a0_0, 0;
    %load/vec4 v0x55878667b7a0_0;
    %assign/vec4 v0x55878667b6c0_0, 0;
    %load/vec4 v0x55878667b600_0;
    %load/vec4 v0x55878667b060_0;
    %nor/r;
    %and;
    %flag_set/vec4 8;
    %jmp/0xz  T_1.2, 8;
    %load/vec4 v0x55878667b2a0_0;
    %parti/s 8, 0, 2;
    %pad/u 10;
    %ix/vec4 4;
    %load/vec4a v0x55878667b1e0, 4;
    %assign/vec4 v0x55878667b520_0, 0;
T_1.2 ;
T_1.1 ;
    %jmp T_1;
    .thread T_1;
    .scope S_0x558786651120;
T_2 ;
    %wait E_0x558786644af0;
    %load/vec4 v0x55878667ba40_0;
    %nor/r;
    %flag_set/vec4 8;
    %jmp/0xz  T_2.0, 8;
    %pushi/vec4 0, 0, 9;
    %assign/vec4 v0x55878667c2f0_0, 0;
    %pushi/vec4 0, 0, 9;
    %assign/vec4 v0x55878667c3d0_0, 0;
    %jmp T_2.1;
T_2.0 ;
    %load/vec4 v0x55878667c130_0;
    %assign/vec4 v0x55878667c2f0_0, 0;
    %load/vec4 v0x55878667c2f0_0;
    %assign/vec4 v0x55878667c3d0_0, 0;
T_2.1 ;
    %jmp T_2;
    .thread T_2;
    .scope S_0x558786651120;
T_3 ;
    %wait E_0x558786620b00;
    %load/vec4 v0x55878667c4b0_0;
    %nor/r;
    %flag_set/vec4 8;
    %jmp/0xz  T_3.0, 8;
    %pushi/vec4 0, 0, 9;
    %assign/vec4 v0x55878667b880_0, 0;
    %pushi/vec4 0, 0, 9;
    %assign/vec4 v0x55878667b960_0, 0;
    %jmp T_3.1;
T_3.0 ;
    %load/vec4 v0x55878667b6c0_0;
    %assign/vec4 v0x55878667b880_0, 0;
    %load/vec4 v0x55878667b880_0;
    %assign/vec4 v0x55878667b960_0, 0;
T_3.1 ;
    %jmp T_3;
    .thread T_3;
    .scope S_0x558786620120;
T_4 ;
    %pushi/vec4 0, 0, 1;
    %store/vec4 v0x55878667cb90_0, 0, 1;
T_4.0 ;
    %delay 5000, 0;
    %load/vec4 v0x55878667cb90_0;
    %inv;
    %store/vec4 v0x55878667cb90_0, 0, 1;
    %jmp T_4.0;
    %end;
    .thread T_4;
    .scope S_0x558786620120;
T_5 ;
    %pushi/vec4 0, 0, 1;
    %store/vec4 v0x55878667c810_0, 0, 1;
T_5.0 ;
    %delay 7000, 0;
    %load/vec4 v0x55878667c810_0;
    %inv;
    %store/vec4 v0x55878667c810_0, 0, 1;
    %jmp T_5.0;
    %end;
    .thread T_5;
    .scope S_0x558786620120;
T_6 ;
    %pushi/vec4 0, 0, 1;
    %store/vec4 v0x55878667cea0_0, 0, 1;
    %pushi/vec4 0, 0, 1;
    %store/vec4 v0x55878667cac0_0, 0, 1;
    %pushi/vec4 0, 0, 1;
    %store/vec4 v0x55878667cdd0_0, 0, 1;
    %pushi/vec4 0, 0, 1;
    %store/vec4 v0x55878667c9f0_0, 0, 1;
    %pushi/vec4 0, 0, 8;
    %store/vec4 v0x55878667cd00_0, 0, 8;
    %delay 30000, 0;
    %pushi/vec4 1, 0, 1;
    %store/vec4 v0x55878667cea0_0, 0, 1;
    %pushi/vec4 1, 0, 1;
    %store/vec4 v0x55878667cac0_0, 0, 1;
    %end;
    .thread T_6;
    .scope S_0x558786620120;
T_7 ;
T_7.0 ;
    %load/vec4 v0x55878667cea0_0;
    %pad/u 32;
    %pushi/vec4 1, 0, 32;
    %cmp/e;
    %flag_get/vec4 4;
    %cmpi/ne 1, 0, 1;
    %jmp/0xz T_7.1, 6;
    %wait E_0x558786648200;
    %jmp T_7.0;
T_7.1 ;
    %pushi/vec4 0, 0, 32;
    %store/vec4 v0x55878667cc60_0, 0, 32;
T_7.2 ;
    %load/vec4 v0x55878667cc60_0;
    %cmpi/s 30, 0, 32;
    %jmp/0xz T_7.3, 5;
    %wait E_0x5587866480b0;
    %load/vec4 v0x55878667c770_0;
    %nor/r;
    %flag_set/vec4 8;
    %jmp/0xz  T_7.4, 8;
    %pushi/vec4 1, 0, 1;
    %assign/vec4 v0x55878667cdd0_0, 0;
    %load/vec4 v0x55878667cc60_0;
    %pad/s 8;
    %assign/vec4 v0x55878667cd00_0, 0;
    %load/vec4 v0x55878667cc60_0;
    %addi 1, 0, 32;
    %assign/vec4 v0x55878667cc60_0, 0;
    %jmp T_7.5;
T_7.4 ;
    %pushi/vec4 0, 0, 1;
    %assign/vec4 v0x55878667cdd0_0, 0;
T_7.5 ;
    %jmp T_7.2;
T_7.3 ;
    %wait E_0x5587866480b0;
    %pushi/vec4 0, 0, 1;
    %assign/vec4 v0x55878667cdd0_0, 0;
    %end;
    .thread T_7;
    .scope S_0x558786620120;
T_8 ;
T_8.0 ;
    %load/vec4 v0x55878667cac0_0;
    %pad/u 32;
    %pushi/vec4 1, 0, 32;
    %cmp/e;
    %flag_get/vec4 4;
    %cmpi/ne 1, 0, 1;
    %jmp/0xz T_8.1, 6;
    %wait E_0x558786648f70;
    %jmp T_8.0;
T_8.1 ;
    %delay 80000, 0;
    %pushi/vec4 0, 0, 32;
    %store/vec4 v0x55878667c8b0_0, 0, 32;
T_8.2 ;
    %load/vec4 v0x55878667c8b0_0;
    %cmpi/s 30, 0, 32;
    %jmp/0xz T_8.3, 5;
    %wait E_0x558786647a90;
    %load/vec4 v0x55878667c6b0_0;
    %nor/r;
    %flag_set/vec4 8;
    %jmp/0xz  T_8.4, 8;
    %pushi/vec4 1, 0, 1;
    %assign/vec4 v0x55878667c9f0_0, 0;
    %load/vec4 v0x55878667c8b0_0;
    %addi 1, 0, 32;
    %assign/vec4 v0x55878667c8b0_0, 0;
    %jmp T_8.5;
T_8.4 ;
    %pushi/vec4 0, 0, 1;
    %assign/vec4 v0x55878667c9f0_0, 0;
T_8.5 ;
    %jmp T_8.2;
T_8.3 ;
    %wait E_0x558786647a90;
    %pushi/vec4 0, 0, 1;
    %assign/vec4 v0x55878667c9f0_0, 0;
    %delay 100000, 0;
    %vpi_call 2 152 "$finish" {0 0 0};
    %end;
    .thread T_8;
    .scope S_0x558786620120;
T_9 ;
    %wait E_0x558786647a90;
    %load/vec4 v0x55878667c9f0_0;
    %load/vec4 v0x55878667c6b0_0;
    %nor/r;
    %and;
    %flag_set/vec4 8;
    %jmp/0xz  T_9.0, 8;
    %delay 1000, 0;
    %vpi_call 2 166 "$display", "[%0t] read data = %0d", $time, v0x55878667c950_0 {0 0 0};
T_9.0 ;
    %jmp T_9;
    .thread T_9;
    .scope S_0x558786620120;
T_10 ;
    %vpi_call 2 171 "$dumpfile", "wave/tb_async_fifo.vcd" {0 0 0};
    %vpi_call 2 172 "$dumpvars", 32'sb00000000000000000000000000000000, S_0x558786620120 {0 0 0};
    %delay 1000000, 0;
    %vpi_call 2 175 "$finish" {0 0 0};
    %end;
    .thread T_10;
# The file index is used to find the file name in the following table.
:file_names 4;
    "N/A";
    "<interactive>";
    "tb/tb_async_fifo.v";
    "src/async_fifo.v";
