#! /usr/bin/vvp
:ivl_version "10.3 (stable)";
:ivl_delay_selection "TYPICAL";
:vpi_time_precision - 12;
:vpi_module "system";
:vpi_module "vhdl_sys";
:vpi_module "v2005_math";
:vpi_module "va_math";
S_0x5652f7e92a10 .scope module, "tb_alu" "tb_alu" 2 4;
 .timescale -9 -12;
v0x5652f7eb8a60_0 .var "a", 31 0;
v0x5652f7eb8b40_0 .var "b", 31 0;
v0x5652f7eb8c10_0 .var/i "errors", 31 0;
v0x5652f7eb8ce0_0 .var "op", 3 0;
v0x5652f7eb8dd0_0 .net "y", 31 0, v0x5652f7eb88d0_0;  1 drivers
S_0x5652f7e92b90 .scope task, "check" "check" 2 22, 2 22 0, S_0x5652f7e92a10;
 .timescale -9 -12;
v0x5652f7e69060_0 .var "expected", 31 0;
v0x5652f7eb80d0_0 .var "t_a", 31 0;
v0x5652f7eb81b0_0 .var "t_b", 31 0;
v0x5652f7eb8270_0 .var "t_op", 3 0;
TD_tb_alu.check ;
    %load/vec4 v0x5652f7eb8270_0;
    %store/vec4 v0x5652f7eb8ce0_0, 0, 4;
    %load/vec4 v0x5652f7eb80d0_0;
    %store/vec4 v0x5652f7eb8a60_0, 0, 32;
    %load/vec4 v0x5652f7eb81b0_0;
    %store/vec4 v0x5652f7eb8b40_0, 0, 32;
    %delay 1000, 0;
    %load/vec4 v0x5652f7eb8dd0_0;
    %load/vec4 v0x5652f7e69060_0;
    %cmp/ne;
    %jmp/0xz  T_0.0, 6;
    %vpi_call 2 30 "$display", "ALU FAIL op=%0d a=%h b=%h got=%h expected=%h", v0x5652f7eb8270_0, v0x5652f7eb80d0_0, v0x5652f7eb81b0_0, v0x5652f7eb8dd0_0, v0x5652f7e69060_0 {0 0 0};
    %load/vec4 v0x5652f7eb8c10_0;
    %addi 1, 0, 32;
    %store/vec4 v0x5652f7eb8c10_0, 0, 32;
T_0.0 ;
    %end;
S_0x5652f7eb8350 .scope module, "dut" "rv32_alu" 2 17, 3 3 0, S_0x5652f7e92a10;
 .timescale 0 0;
    .port_info 0 /INPUT 32 "a"
    .port_info 1 /INPUT 32 "b"
    .port_info 2 /INPUT 4 "op"
    .port_info 3 /OUTPUT 32 "y"
v0x5652f7eb8600_0 .net "a", 31 0, v0x5652f7eb8a60_0;  1 drivers
v0x5652f7eb8700_0 .net "b", 31 0, v0x5652f7eb8b40_0;  1 drivers
v0x5652f7eb87e0_0 .net "op", 3 0, v0x5652f7eb8ce0_0;  1 drivers
v0x5652f7eb88d0_0 .var "y", 31 0;
E_0x5652f7e97610 .event edge, v0x5652f7eb87e0_0, v0x5652f7eb8600_0, v0x5652f7eb8700_0;
    .scope S_0x5652f7eb8350;
T_1 ;
    %wait E_0x5652f7e97610;
    %load/vec4 v0x5652f7eb87e0_0;
    %dup/vec4;
    %pushi/vec4 0, 0, 4;
    %cmp/u;
    %jmp/1 T_1.0, 6;
    %dup/vec4;
    %pushi/vec4 1, 0, 4;
    %cmp/u;
    %jmp/1 T_1.1, 6;
    %dup/vec4;
    %pushi/vec4 2, 0, 4;
    %cmp/u;
    %jmp/1 T_1.2, 6;
    %dup/vec4;
    %pushi/vec4 3, 0, 4;
    %cmp/u;
    %jmp/1 T_1.3, 6;
    %dup/vec4;
    %pushi/vec4 4, 0, 4;
    %cmp/u;
    %jmp/1 T_1.4, 6;
    %dup/vec4;
    %pushi/vec4 5, 0, 4;
    %cmp/u;
    %jmp/1 T_1.5, 6;
    %dup/vec4;
    %pushi/vec4 6, 0, 4;
    %cmp/u;
    %jmp/1 T_1.6, 6;
    %dup/vec4;
    %pushi/vec4 7, 0, 4;
    %cmp/u;
    %jmp/1 T_1.7, 6;
    %dup/vec4;
    %pushi/vec4 8, 0, 4;
    %cmp/u;
    %jmp/1 T_1.8, 6;
    %dup/vec4;
    %pushi/vec4 9, 0, 4;
    %cmp/u;
    %jmp/1 T_1.9, 6;
    %pushi/vec4 0, 0, 32;
    %store/vec4 v0x5652f7eb88d0_0, 0, 32;
    %jmp T_1.11;
T_1.0 ;
    %load/vec4 v0x5652f7eb8600_0;
    %load/vec4 v0x5652f7eb8700_0;
    %add;
    %store/vec4 v0x5652f7eb88d0_0, 0, 32;
    %jmp T_1.11;
T_1.1 ;
    %load/vec4 v0x5652f7eb8600_0;
    %load/vec4 v0x5652f7eb8700_0;
    %sub;
    %store/vec4 v0x5652f7eb88d0_0, 0, 32;
    %jmp T_1.11;
T_1.2 ;
    %load/vec4 v0x5652f7eb8600_0;
    %load/vec4 v0x5652f7eb8700_0;
    %parti/s 5, 0, 2;
    %ix/vec4 4;
    %shiftl 4;
    %store/vec4 v0x5652f7eb88d0_0, 0, 32;
    %jmp T_1.11;
T_1.3 ;
    %load/vec4 v0x5652f7eb8600_0;
    %load/vec4 v0x5652f7eb8700_0;
    %cmp/s;
    %flag_mov 8, 5;
    %jmp/0 T_1.12, 8;
    %pushi/vec4 1, 0, 32;
    %jmp/1 T_1.13, 8;
T_1.12 ; End of true expr.
    %pushi/vec4 0, 0, 32;
    %jmp/0 T_1.13, 8;
 ; End of false expr.
    %blend;
T_1.13;
    %store/vec4 v0x5652f7eb88d0_0, 0, 32;
    %jmp T_1.11;
T_1.4 ;
    %load/vec4 v0x5652f7eb8600_0;
    %load/vec4 v0x5652f7eb8700_0;
    %cmp/u;
    %flag_mov 8, 5;
    %jmp/0 T_1.14, 8;
    %pushi/vec4 1, 0, 32;
    %jmp/1 T_1.15, 8;
T_1.14 ; End of true expr.
    %pushi/vec4 0, 0, 32;
    %jmp/0 T_1.15, 8;
 ; End of false expr.
    %blend;
T_1.15;
    %store/vec4 v0x5652f7eb88d0_0, 0, 32;
    %jmp T_1.11;
T_1.5 ;
    %load/vec4 v0x5652f7eb8600_0;
    %load/vec4 v0x5652f7eb8700_0;
    %xor;
    %store/vec4 v0x5652f7eb88d0_0, 0, 32;
    %jmp T_1.11;
T_1.6 ;
    %load/vec4 v0x5652f7eb8600_0;
    %load/vec4 v0x5652f7eb8700_0;
    %parti/s 5, 0, 2;
    %ix/vec4 4;
    %shiftr 4;
    %store/vec4 v0x5652f7eb88d0_0, 0, 32;
    %jmp T_1.11;
T_1.7 ;
    %load/vec4 v0x5652f7eb8600_0;
    %load/vec4 v0x5652f7eb8700_0;
    %parti/s 5, 0, 2;
    %ix/vec4 4;
    %shiftr/s 4;
    %store/vec4 v0x5652f7eb88d0_0, 0, 32;
    %jmp T_1.11;
T_1.8 ;
    %load/vec4 v0x5652f7eb8600_0;
    %load/vec4 v0x5652f7eb8700_0;
    %or;
    %store/vec4 v0x5652f7eb88d0_0, 0, 32;
    %jmp T_1.11;
T_1.9 ;
    %load/vec4 v0x5652f7eb8600_0;
    %load/vec4 v0x5652f7eb8700_0;
    %and;
    %store/vec4 v0x5652f7eb88d0_0, 0, 32;
    %jmp T_1.11;
T_1.11 ;
    %pop/vec4 1;
    %jmp T_1;
    .thread T_1, $push;
    .scope S_0x5652f7e92a10;
T_2 ;
    %vpi_call 2 13 "$dumpfile", "wave/tb_alu.vcd" {0 0 0};
    %vpi_call 2 14 "$dumpvars", 32'sb00000000000000000000000000000000, S_0x5652f7e92a10 {0 0 0};
    %end;
    .thread T_2;
    .scope S_0x5652f7e92a10;
T_3 ;
    %pushi/vec4 0, 0, 32;
    %store/vec4 v0x5652f7eb8c10_0, 0, 32;
    %pushi/vec4 0, 0, 4;
    %store/vec4 v0x5652f7eb8270_0, 0, 4;
    %pushi/vec4 7, 0, 32;
    %store/vec4 v0x5652f7eb80d0_0, 0, 32;
    %pushi/vec4 5, 0, 32;
    %store/vec4 v0x5652f7eb81b0_0, 0, 32;
    %pushi/vec4 12, 0, 32;
    %store/vec4 v0x5652f7e69060_0, 0, 32;
    %fork TD_tb_alu.check, S_0x5652f7e92b90;
    %join;
    %pushi/vec4 1, 0, 4;
    %store/vec4 v0x5652f7eb8270_0, 0, 4;
    %pushi/vec4 7, 0, 32;
    %store/vec4 v0x5652f7eb80d0_0, 0, 32;
    %pushi/vec4 5, 0, 32;
    %store/vec4 v0x5652f7eb81b0_0, 0, 32;
    %pushi/vec4 2, 0, 32;
    %store/vec4 v0x5652f7e69060_0, 0, 32;
    %fork TD_tb_alu.check, S_0x5652f7e92b90;
    %join;
    %pushi/vec4 2, 0, 4;
    %store/vec4 v0x5652f7eb8270_0, 0, 4;
    %pushi/vec4 1, 0, 32;
    %store/vec4 v0x5652f7eb80d0_0, 0, 32;
    %pushi/vec4 31, 0, 32;
    %store/vec4 v0x5652f7eb81b0_0, 0, 32;
    %pushi/vec4 2147483648, 0, 32;
    %store/vec4 v0x5652f7e69060_0, 0, 32;
    %fork TD_tb_alu.check, S_0x5652f7e92b90;
    %join;
    %pushi/vec4 3, 0, 4;
    %store/vec4 v0x5652f7eb8270_0, 0, 4;
    %pushi/vec4 4294967295, 0, 32;
    %store/vec4 v0x5652f7eb80d0_0, 0, 32;
    %pushi/vec4 1, 0, 32;
    %store/vec4 v0x5652f7eb81b0_0, 0, 32;
    %pushi/vec4 1, 0, 32;
    %store/vec4 v0x5652f7e69060_0, 0, 32;
    %fork TD_tb_alu.check, S_0x5652f7e92b90;
    %join;
    %pushi/vec4 4, 0, 4;
    %store/vec4 v0x5652f7eb8270_0, 0, 4;
    %pushi/vec4 4294967295, 0, 32;
    %store/vec4 v0x5652f7eb80d0_0, 0, 32;
    %pushi/vec4 1, 0, 32;
    %store/vec4 v0x5652f7eb81b0_0, 0, 32;
    %pushi/vec4 0, 0, 32;
    %store/vec4 v0x5652f7e69060_0, 0, 32;
    %fork TD_tb_alu.check, S_0x5652f7e92b90;
    %join;
    %pushi/vec4 5, 0, 4;
    %store/vec4 v0x5652f7eb8270_0, 0, 4;
    %pushi/vec4 1437204735, 0, 32;
    %store/vec4 v0x5652f7eb80d0_0, 0, 32;
    %pushi/vec4 4294901760, 0, 32;
    %store/vec4 v0x5652f7eb81b0_0, 0, 32;
    %pushi/vec4 2857697535, 0, 32;
    %store/vec4 v0x5652f7e69060_0, 0, 32;
    %fork TD_tb_alu.check, S_0x5652f7e92b90;
    %join;
    %pushi/vec4 6, 0, 4;
    %store/vec4 v0x5652f7eb8270_0, 0, 4;
    %pushi/vec4 2147483648, 0, 32;
    %store/vec4 v0x5652f7eb80d0_0, 0, 32;
    %pushi/vec4 4, 0, 32;
    %store/vec4 v0x5652f7eb81b0_0, 0, 32;
    %pushi/vec4 134217728, 0, 32;
    %store/vec4 v0x5652f7e69060_0, 0, 32;
    %fork TD_tb_alu.check, S_0x5652f7e92b90;
    %join;
    %pushi/vec4 7, 0, 4;
    %store/vec4 v0x5652f7eb8270_0, 0, 4;
    %pushi/vec4 2147483648, 0, 32;
    %store/vec4 v0x5652f7eb80d0_0, 0, 32;
    %pushi/vec4 4, 0, 32;
    %store/vec4 v0x5652f7eb81b0_0, 0, 32;
    %pushi/vec4 4160749568, 0, 32;
    %store/vec4 v0x5652f7e69060_0, 0, 32;
    %fork TD_tb_alu.check, S_0x5652f7e92b90;
    %join;
    %pushi/vec4 8, 0, 4;
    %store/vec4 v0x5652f7eb8270_0, 0, 4;
    %pushi/vec4 1426063615, 0, 32;
    %store/vec4 v0x5652f7eb80d0_0, 0, 32;
    %pushi/vec4 11206400, 0, 32;
    %store/vec4 v0x5652f7eb81b0_0, 0, 32;
    %pushi/vec4 1437270015, 0, 32;
    %store/vec4 v0x5652f7e69060_0, 0, 32;
    %fork TD_tb_alu.check, S_0x5652f7e92b90;
    %join;
    %pushi/vec4 9, 0, 4;
    %store/vec4 v0x5652f7eb8270_0, 0, 4;
    %pushi/vec4 1437204735, 0, 32;
    %store/vec4 v0x5652f7eb80d0_0, 0, 32;
    %pushi/vec4 267390960, 0, 32;
    %store/vec4 v0x5652f7eb81b0_0, 0, 32;
    %pushi/vec4 94372080, 0, 32;
    %store/vec4 v0x5652f7e69060_0, 0, 32;
    %fork TD_tb_alu.check, S_0x5652f7e92b90;
    %join;
    %load/vec4 v0x5652f7eb8c10_0;
    %cmpi/e 0, 0, 32;
    %jmp/0xz  T_3.0, 4;
    %vpi_call 2 49 "$display", "TB_ALU PASS" {0 0 0};
    %jmp T_3.1;
T_3.0 ;
    %vpi_call 2 50 "$fatal", 32'sb00000000000000000000000000000001, "TB_ALU FAIL: %0d errors", v0x5652f7eb8c10_0 {0 0 0};
T_3.1 ;
    %vpi_call 2 51 "$finish" {0 0 0};
    %end;
    .thread T_3;
# The file index is used to find the file name in the following table.
:file_names 4;
    "N/A";
    "<interactive>";
    "tb/tb_alu.v";
    "src/rv32_alu.v";
