#! /usr/bin/vvp
:ivl_version "10.3 (stable)";
:ivl_delay_selection "TYPICAL";
:vpi_time_precision - 12;
:vpi_module "system";
:vpi_module "vhdl_sys";
:vpi_module "v2005_math";
:vpi_module "va_math";
S_0x564038736990 .scope module, "tb_decoder" "tb_decoder" 2 4;
 .timescale -9 -12;
v0x56403876c630_0 .net "alu_op", 3 0, v0x56403872dab0_0;  1 drivers
v0x56403876c710_0 .net "alu_src_imm", 0 0, v0x56403876b860_0;  1 drivers
v0x56403876c7b0_0 .net "alu_src_pc", 0 0, v0x56403876b920_0;  1 drivers
v0x56403876c850_0 .net "branch", 0 0, v0x56403876b9c0_0;  1 drivers
v0x56403876c920_0 .net "illegal", 0 0, v0x56403876bc90_0;  1 drivers
v0x56403876c9c0_0 .net "imm_sel", 2 0, v0x56403876bd50_0;  1 drivers
v0x56403876ca90_0 .var "instr", 31 0;
v0x56403876cb60_0 .net "jalr", 0 0, v0x56403876bf10_0;  1 drivers
v0x56403876cc30_0 .net "jump", 0 0, v0x56403876bfd0_0;  1 drivers
v0x56403876cd90_0 .net "mem_read", 0 0, v0x56403876c090_0;  1 drivers
v0x56403876ce60_0 .net "mem_write", 0 0, v0x56403876c150_0;  1 drivers
v0x56403876cf30_0 .net "reg_write", 0 0, v0x56403876c2f0_0;  1 drivers
v0x56403876d000_0 .net "wb_sel", 1 0, v0x56403876c3b0_0;  1 drivers
S_0x564038736b10 .scope module, "dut" "rv32_decoder" 2 13, 3 3 0, S_0x564038736990;
 .timescale 0 0;
    .port_info 0 /INPUT 32 "instr"
    .port_info 1 /OUTPUT 1 "reg_write"
    .port_info 2 /OUTPUT 1 "alu_src_pc"
    .port_info 3 /OUTPUT 1 "alu_src_imm"
    .port_info 4 /OUTPUT 4 "alu_op"
    .port_info 5 /OUTPUT 2 "wb_sel"
    .port_info 6 /OUTPUT 1 "mem_read"
    .port_info 7 /OUTPUT 1 "mem_write"
    .port_info 8 /OUTPUT 1 "branch"
    .port_info 9 /OUTPUT 1 "jump"
    .port_info 10 /OUTPUT 1 "jalr"
    .port_info 11 /OUTPUT 3 "imm_sel"
    .port_info 12 /OUTPUT 1 "illegal"
v0x56403872dab0_0 .var "alu_op", 3 0;
v0x56403876b860_0 .var "alu_src_imm", 0 0;
v0x56403876b920_0 .var "alu_src_pc", 0 0;
v0x56403876b9c0_0 .var "branch", 0 0;
v0x56403876ba80_0 .net "funct3", 2 0, L_0x56403876d1a0;  1 drivers
v0x56403876bbb0_0 .net "funct7", 6 0, L_0x56403876d240;  1 drivers
v0x56403876bc90_0 .var "illegal", 0 0;
v0x56403876bd50_0 .var "imm_sel", 2 0;
v0x56403876be30_0 .net "instr", 31 0, v0x56403876ca90_0;  1 drivers
v0x56403876bf10_0 .var "jalr", 0 0;
v0x56403876bfd0_0 .var "jump", 0 0;
v0x56403876c090_0 .var "mem_read", 0 0;
v0x56403876c150_0 .var "mem_write", 0 0;
v0x56403876c210_0 .net "opcode", 6 0, L_0x56403876d0d0;  1 drivers
v0x56403876c2f0_0 .var "reg_write", 0 0;
v0x56403876c3b0_0 .var "wb_sel", 1 0;
E_0x564038737350 .event edge, v0x56403876c210_0, v0x56403876ba80_0, v0x56403876bbb0_0;
L_0x56403876d0d0 .part v0x56403876ca90_0, 0, 7;
L_0x56403876d1a0 .part v0x56403876ca90_0, 12, 3;
L_0x56403876d240 .part v0x56403876ca90_0, 25, 7;
    .scope S_0x564038736b10;
T_0 ;
    %wait E_0x564038737350;
    %pushi/vec4 0, 0, 1;
    %store/vec4 v0x56403876c2f0_0, 0, 1;
    %pushi/vec4 0, 0, 1;
    %store/vec4 v0x56403876b920_0, 0, 1;
    %pushi/vec4 0, 0, 1;
    %store/vec4 v0x56403876b860_0, 0, 1;
    %pushi/vec4 0, 0, 4;
    %store/vec4 v0x56403872dab0_0, 0, 4;
    %pushi/vec4 0, 0, 2;
    %store/vec4 v0x56403876c3b0_0, 0, 2;
    %pushi/vec4 0, 0, 1;
    %store/vec4 v0x56403876c090_0, 0, 1;
    %pushi/vec4 0, 0, 1;
    %store/vec4 v0x56403876c150_0, 0, 1;
    %pushi/vec4 0, 0, 1;
    %store/vec4 v0x56403876b9c0_0, 0, 1;
    %pushi/vec4 0, 0, 1;
    %store/vec4 v0x56403876bfd0_0, 0, 1;
    %pushi/vec4 0, 0, 1;
    %store/vec4 v0x56403876bf10_0, 0, 1;
    %pushi/vec4 0, 0, 3;
    %store/vec4 v0x56403876bd50_0, 0, 3;
    %pushi/vec4 0, 0, 1;
    %store/vec4 v0x56403876bc90_0, 0, 1;
    %load/vec4 v0x56403876c210_0;
    %dup/vec4;
    %pushi/vec4 55, 0, 7;
    %cmp/u;
    %jmp/1 T_0.0, 6;
    %dup/vec4;
    %pushi/vec4 23, 0, 7;
    %cmp/u;
    %jmp/1 T_0.1, 6;
    %dup/vec4;
    %pushi/vec4 111, 0, 7;
    %cmp/u;
    %jmp/1 T_0.2, 6;
    %dup/vec4;
    %pushi/vec4 103, 0, 7;
    %cmp/u;
    %jmp/1 T_0.3, 6;
    %dup/vec4;
    %pushi/vec4 99, 0, 7;
    %cmp/u;
    %jmp/1 T_0.4, 6;
    %dup/vec4;
    %pushi/vec4 3, 0, 7;
    %cmp/u;
    %jmp/1 T_0.5, 6;
    %dup/vec4;
    %pushi/vec4 35, 0, 7;
    %cmp/u;
    %jmp/1 T_0.6, 6;
    %dup/vec4;
    %pushi/vec4 19, 0, 7;
    %cmp/u;
    %jmp/1 T_0.7, 6;
    %dup/vec4;
    %pushi/vec4 51, 0, 7;
    %cmp/u;
    %jmp/1 T_0.8, 6;
    %dup/vec4;
    %pushi/vec4 15, 0, 7;
    %cmp/u;
    %jmp/1 T_0.9, 6;
    %dup/vec4;
    %pushi/vec4 115, 0, 7;
    %cmp/u;
    %jmp/1 T_0.10, 6;
    %pushi/vec4 1, 0, 1;
    %store/vec4 v0x56403876bc90_0, 0, 1;
    %jmp T_0.12;
T_0.0 ;
    %pushi/vec4 1, 0, 1;
    %store/vec4 v0x56403876c2f0_0, 0, 1;
    %pushi/vec4 1, 0, 1;
    %store/vec4 v0x56403876b860_0, 0, 1;
    %pushi/vec4 3, 0, 3;
    %store/vec4 v0x56403876bd50_0, 0, 3;
    %jmp T_0.12;
T_0.1 ;
    %pushi/vec4 1, 0, 1;
    %store/vec4 v0x56403876c2f0_0, 0, 1;
    %pushi/vec4 1, 0, 1;
    %store/vec4 v0x56403876b920_0, 0, 1;
    %pushi/vec4 1, 0, 1;
    %store/vec4 v0x56403876b860_0, 0, 1;
    %pushi/vec4 3, 0, 3;
    %store/vec4 v0x56403876bd50_0, 0, 3;
    %jmp T_0.12;
T_0.2 ;
    %pushi/vec4 1, 0, 1;
    %store/vec4 v0x56403876c2f0_0, 0, 1;
    %pushi/vec4 2, 0, 2;
    %store/vec4 v0x56403876c3b0_0, 0, 2;
    %pushi/vec4 1, 0, 1;
    %store/vec4 v0x56403876bfd0_0, 0, 1;
    %pushi/vec4 4, 0, 3;
    %store/vec4 v0x56403876bd50_0, 0, 3;
    %jmp T_0.12;
T_0.3 ;
    %pushi/vec4 1, 0, 1;
    %store/vec4 v0x56403876c2f0_0, 0, 1;
    %pushi/vec4 2, 0, 2;
    %store/vec4 v0x56403876c3b0_0, 0, 2;
    %pushi/vec4 1, 0, 1;
    %store/vec4 v0x56403876bfd0_0, 0, 1;
    %pushi/vec4 1, 0, 1;
    %store/vec4 v0x56403876bf10_0, 0, 1;
    %pushi/vec4 0, 0, 3;
    %store/vec4 v0x56403876bd50_0, 0, 3;
    %load/vec4 v0x56403876ba80_0;
    %cmpi/ne 0, 0, 3;
    %jmp/0xz  T_0.13, 4;
    %pushi/vec4 1, 0, 1;
    %store/vec4 v0x56403876bc90_0, 0, 1;
T_0.13 ;
    %jmp T_0.12;
T_0.4 ;
    %pushi/vec4 1, 0, 1;
    %store/vec4 v0x56403876b9c0_0, 0, 1;
    %pushi/vec4 2, 0, 3;
    %store/vec4 v0x56403876bd50_0, 0, 3;
    %load/vec4 v0x56403876ba80_0;
    %pushi/vec4 0, 0, 3;
    %cmp/e;
    %flag_get/vec4 4;
    %load/vec4 v0x56403876ba80_0;
    %pushi/vec4 1, 0, 3;
    %cmp/e;
    %flag_get/vec4 4;
    %or;
    %load/vec4 v0x56403876ba80_0;
    %pushi/vec4 4, 0, 3;
    %cmp/e;
    %flag_get/vec4 4;
    %or;
    %load/vec4 v0x56403876ba80_0;
    %pushi/vec4 5, 0, 3;
    %cmp/e;
    %flag_get/vec4 4;
    %or;
    %load/vec4 v0x56403876ba80_0;
    %pushi/vec4 6, 0, 3;
    %cmp/e;
    %flag_get/vec4 4;
    %or;
    %load/vec4 v0x56403876ba80_0;
    %pushi/vec4 7, 0, 3;
    %cmp/e;
    %flag_get/vec4 4;
    %or;
    %nor/r;
    %flag_set/vec4 8;
    %jmp/0xz  T_0.15, 8;
    %pushi/vec4 1, 0, 1;
    %store/vec4 v0x56403876bc90_0, 0, 1;
T_0.15 ;
    %jmp T_0.12;
T_0.5 ;
    %pushi/vec4 1, 0, 1;
    %store/vec4 v0x56403876c2f0_0, 0, 1;
    %pushi/vec4 1, 0, 1;
    %store/vec4 v0x56403876b860_0, 0, 1;
    %pushi/vec4 1, 0, 2;
    %store/vec4 v0x56403876c3b0_0, 0, 2;
    %pushi/vec4 1, 0, 1;
    %store/vec4 v0x56403876c090_0, 0, 1;
    %pushi/vec4 0, 0, 3;
    %store/vec4 v0x56403876bd50_0, 0, 3;
    %load/vec4 v0x56403876ba80_0;
    %pushi/vec4 0, 0, 3;
    %cmp/e;
    %flag_get/vec4 4;
    %load/vec4 v0x56403876ba80_0;
    %pushi/vec4 1, 0, 3;
    %cmp/e;
    %flag_get/vec4 4;
    %or;
    %load/vec4 v0x56403876ba80_0;
    %pushi/vec4 2, 0, 3;
    %cmp/e;
    %flag_get/vec4 4;
    %or;
    %load/vec4 v0x56403876ba80_0;
    %pushi/vec4 4, 0, 3;
    %cmp/e;
    %flag_get/vec4 4;
    %or;
    %load/vec4 v0x56403876ba80_0;
    %pushi/vec4 5, 0, 3;
    %cmp/e;
    %flag_get/vec4 4;
    %or;
    %nor/r;
    %flag_set/vec4 8;
    %jmp/0xz  T_0.17, 8;
    %pushi/vec4 1, 0, 1;
    %store/vec4 v0x56403876bc90_0, 0, 1;
T_0.17 ;
    %jmp T_0.12;
T_0.6 ;
    %pushi/vec4 1, 0, 1;
    %store/vec4 v0x56403876b860_0, 0, 1;
    %pushi/vec4 1, 0, 1;
    %store/vec4 v0x56403876c150_0, 0, 1;
    %pushi/vec4 1, 0, 3;
    %store/vec4 v0x56403876bd50_0, 0, 3;
    %load/vec4 v0x56403876ba80_0;
    %pushi/vec4 0, 0, 3;
    %cmp/e;
    %flag_get/vec4 4;
    %load/vec4 v0x56403876ba80_0;
    %pushi/vec4 1, 0, 3;
    %cmp/e;
    %flag_get/vec4 4;
    %or;
    %load/vec4 v0x56403876ba80_0;
    %pushi/vec4 2, 0, 3;
    %cmp/e;
    %flag_get/vec4 4;
    %or;
    %nor/r;
    %flag_set/vec4 8;
    %jmp/0xz  T_0.19, 8;
    %pushi/vec4 1, 0, 1;
    %store/vec4 v0x56403876bc90_0, 0, 1;
T_0.19 ;
    %jmp T_0.12;
T_0.7 ;
    %pushi/vec4 1, 0, 1;
    %store/vec4 v0x56403876c2f0_0, 0, 1;
    %pushi/vec4 1, 0, 1;
    %store/vec4 v0x56403876b860_0, 0, 1;
    %pushi/vec4 0, 0, 3;
    %store/vec4 v0x56403876bd50_0, 0, 3;
    %load/vec4 v0x56403876ba80_0;
    %dup/vec4;
    %pushi/vec4 0, 0, 3;
    %cmp/u;
    %jmp/1 T_0.21, 6;
    %dup/vec4;
    %pushi/vec4 2, 0, 3;
    %cmp/u;
    %jmp/1 T_0.22, 6;
    %dup/vec4;
    %pushi/vec4 3, 0, 3;
    %cmp/u;
    %jmp/1 T_0.23, 6;
    %dup/vec4;
    %pushi/vec4 4, 0, 3;
    %cmp/u;
    %jmp/1 T_0.24, 6;
    %dup/vec4;
    %pushi/vec4 6, 0, 3;
    %cmp/u;
    %jmp/1 T_0.25, 6;
    %dup/vec4;
    %pushi/vec4 7, 0, 3;
    %cmp/u;
    %jmp/1 T_0.26, 6;
    %dup/vec4;
    %pushi/vec4 1, 0, 3;
    %cmp/u;
    %jmp/1 T_0.27, 6;
    %dup/vec4;
    %pushi/vec4 5, 0, 3;
    %cmp/u;
    %jmp/1 T_0.28, 6;
    %pushi/vec4 1, 0, 1;
    %store/vec4 v0x56403876bc90_0, 0, 1;
    %jmp T_0.30;
T_0.21 ;
    %pushi/vec4 0, 0, 4;
    %store/vec4 v0x56403872dab0_0, 0, 4;
    %jmp T_0.30;
T_0.22 ;
    %pushi/vec4 3, 0, 4;
    %store/vec4 v0x56403872dab0_0, 0, 4;
    %jmp T_0.30;
T_0.23 ;
    %pushi/vec4 4, 0, 4;
    %store/vec4 v0x56403872dab0_0, 0, 4;
    %jmp T_0.30;
T_0.24 ;
    %pushi/vec4 5, 0, 4;
    %store/vec4 v0x56403872dab0_0, 0, 4;
    %jmp T_0.30;
T_0.25 ;
    %pushi/vec4 8, 0, 4;
    %store/vec4 v0x56403872dab0_0, 0, 4;
    %jmp T_0.30;
T_0.26 ;
    %pushi/vec4 9, 0, 4;
    %store/vec4 v0x56403872dab0_0, 0, 4;
    %jmp T_0.30;
T_0.27 ;
    %pushi/vec4 2, 0, 4;
    %store/vec4 v0x56403872dab0_0, 0, 4;
    %load/vec4 v0x56403876bbb0_0;
    %cmpi/ne 0, 0, 7;
    %jmp/0xz  T_0.31, 4;
    %pushi/vec4 1, 0, 1;
    %store/vec4 v0x56403876bc90_0, 0, 1;
T_0.31 ;
    %jmp T_0.30;
T_0.28 ;
    %load/vec4 v0x56403876bbb0_0;
    %cmpi/e 0, 0, 7;
    %jmp/0xz  T_0.33, 4;
    %pushi/vec4 6, 0, 4;
    %store/vec4 v0x56403872dab0_0, 0, 4;
    %jmp T_0.34;
T_0.33 ;
    %load/vec4 v0x56403876bbb0_0;
    %cmpi/e 32, 0, 7;
    %jmp/0xz  T_0.35, 4;
    %pushi/vec4 7, 0, 4;
    %store/vec4 v0x56403872dab0_0, 0, 4;
    %jmp T_0.36;
T_0.35 ;
    %pushi/vec4 1, 0, 1;
    %store/vec4 v0x56403876bc90_0, 0, 1;
T_0.36 ;
T_0.34 ;
    %jmp T_0.30;
T_0.30 ;
    %pop/vec4 1;
    %jmp T_0.12;
T_0.8 ;
    %pushi/vec4 1, 0, 1;
    %store/vec4 v0x56403876c2f0_0, 0, 1;
    %load/vec4 v0x56403876ba80_0;
    %dup/vec4;
    %pushi/vec4 0, 0, 3;
    %cmp/u;
    %jmp/1 T_0.37, 6;
    %dup/vec4;
    %pushi/vec4 1, 0, 3;
    %cmp/u;
    %jmp/1 T_0.38, 6;
    %dup/vec4;
    %pushi/vec4 2, 0, 3;
    %cmp/u;
    %jmp/1 T_0.39, 6;
    %dup/vec4;
    %pushi/vec4 3, 0, 3;
    %cmp/u;
    %jmp/1 T_0.40, 6;
    %dup/vec4;
    %pushi/vec4 4, 0, 3;
    %cmp/u;
    %jmp/1 T_0.41, 6;
    %dup/vec4;
    %pushi/vec4 5, 0, 3;
    %cmp/u;
    %jmp/1 T_0.42, 6;
    %dup/vec4;
    %pushi/vec4 6, 0, 3;
    %cmp/u;
    %jmp/1 T_0.43, 6;
    %dup/vec4;
    %pushi/vec4 7, 0, 3;
    %cmp/u;
    %jmp/1 T_0.44, 6;
    %pushi/vec4 1, 0, 1;
    %store/vec4 v0x56403876bc90_0, 0, 1;
    %jmp T_0.46;
T_0.37 ;
    %load/vec4 v0x56403876bbb0_0;
    %cmpi/e 0, 0, 7;
    %jmp/0xz  T_0.47, 4;
    %pushi/vec4 0, 0, 4;
    %store/vec4 v0x56403872dab0_0, 0, 4;
    %jmp T_0.48;
T_0.47 ;
    %load/vec4 v0x56403876bbb0_0;
    %cmpi/e 32, 0, 7;
    %jmp/0xz  T_0.49, 4;
    %pushi/vec4 1, 0, 4;
    %store/vec4 v0x56403872dab0_0, 0, 4;
    %jmp T_0.50;
T_0.49 ;
    %pushi/vec4 1, 0, 1;
    %store/vec4 v0x56403876bc90_0, 0, 1;
T_0.50 ;
T_0.48 ;
    %jmp T_0.46;
T_0.38 ;
    %pushi/vec4 2, 0, 4;
    %store/vec4 v0x56403872dab0_0, 0, 4;
    %load/vec4 v0x56403876bbb0_0;
    %pad/u 32;
    %cmpi/ne 0, 0, 32;
    %jmp/0xz  T_0.51, 4;
    %pushi/vec4 1, 0, 1;
    %store/vec4 v0x56403876bc90_0, 0, 1;
T_0.51 ;
    %jmp T_0.46;
T_0.39 ;
    %pushi/vec4 3, 0, 4;
    %store/vec4 v0x56403872dab0_0, 0, 4;
    %load/vec4 v0x56403876bbb0_0;
    %pad/u 32;
    %cmpi/ne 0, 0, 32;
    %jmp/0xz  T_0.53, 4;
    %pushi/vec4 1, 0, 1;
    %store/vec4 v0x56403876bc90_0, 0, 1;
T_0.53 ;
    %jmp T_0.46;
T_0.40 ;
    %pushi/vec4 4, 0, 4;
    %store/vec4 v0x56403872dab0_0, 0, 4;
    %load/vec4 v0x56403876bbb0_0;
    %pad/u 32;
    %cmpi/ne 0, 0, 32;
    %jmp/0xz  T_0.55, 4;
    %pushi/vec4 1, 0, 1;
    %store/vec4 v0x56403876bc90_0, 0, 1;
T_0.55 ;
    %jmp T_0.46;
T_0.41 ;
    %pushi/vec4 5, 0, 4;
    %store/vec4 v0x56403872dab0_0, 0, 4;
    %load/vec4 v0x56403876bbb0_0;
    %pad/u 32;
    %cmpi/ne 0, 0, 32;
    %jmp/0xz  T_0.57, 4;
    %pushi/vec4 1, 0, 1;
    %store/vec4 v0x56403876bc90_0, 0, 1;
T_0.57 ;
    %jmp T_0.46;
T_0.42 ;
    %load/vec4 v0x56403876bbb0_0;
    %cmpi/e 0, 0, 7;
    %jmp/0xz  T_0.59, 4;
    %pushi/vec4 6, 0, 4;
    %store/vec4 v0x56403872dab0_0, 0, 4;
    %jmp T_0.60;
T_0.59 ;
    %load/vec4 v0x56403876bbb0_0;
    %cmpi/e 32, 0, 7;
    %jmp/0xz  T_0.61, 4;
    %pushi/vec4 7, 0, 4;
    %store/vec4 v0x56403872dab0_0, 0, 4;
    %jmp T_0.62;
T_0.61 ;
    %pushi/vec4 1, 0, 1;
    %store/vec4 v0x56403876bc90_0, 0, 1;
T_0.62 ;
T_0.60 ;
    %jmp T_0.46;
T_0.43 ;
    %pushi/vec4 8, 0, 4;
    %store/vec4 v0x56403872dab0_0, 0, 4;
    %load/vec4 v0x56403876bbb0_0;
    %pad/u 32;
    %cmpi/ne 0, 0, 32;
    %jmp/0xz  T_0.63, 4;
    %pushi/vec4 1, 0, 1;
    %store/vec4 v0x56403876bc90_0, 0, 1;
T_0.63 ;
    %jmp T_0.46;
T_0.44 ;
    %pushi/vec4 9, 0, 4;
    %store/vec4 v0x56403872dab0_0, 0, 4;
    %load/vec4 v0x56403876bbb0_0;
    %pad/u 32;
    %cmpi/ne 0, 0, 32;
    %jmp/0xz  T_0.65, 4;
    %pushi/vec4 1, 0, 1;
    %store/vec4 v0x56403876bc90_0, 0, 1;
T_0.65 ;
    %jmp T_0.46;
T_0.46 ;
    %pop/vec4 1;
    %jmp T_0.12;
T_0.9 ;
    %load/vec4 v0x56403876ba80_0;
    %pushi/vec4 0, 0, 3;
    %cmp/e;
    %flag_get/vec4 4;
    %load/vec4 v0x56403876ba80_0;
    %pushi/vec4 1, 0, 3;
    %cmp/e;
    %flag_get/vec4 4;
    %or;
    %nor/r;
    %flag_set/vec4 8;
    %jmp/0xz  T_0.67, 8;
    %pushi/vec4 1, 0, 1;
    %store/vec4 v0x56403876bc90_0, 0, 1;
T_0.67 ;
    %jmp T_0.12;
T_0.10 ;
    %pushi/vec4 1, 0, 1;
    %store/vec4 v0x56403876bc90_0, 0, 1;
    %jmp T_0.12;
T_0.12 ;
    %pop/vec4 1;
    %jmp T_0;
    .thread T_0, $push;
    .scope S_0x564038736990;
T_1 ;
    %pushi/vec4 5243027, 0, 32;
    %store/vec4 v0x56403876ca90_0, 0, 32;
    %delay 1000, 0;
    %load/vec4 v0x56403876c920_0;
    %flag_set/vec4 8;
    %load/vec4 v0x56403876cf30_0;
    %nor/r;
    %flag_set/vec4 9;
    %flag_or 9, 8;
    %load/vec4 v0x56403876c710_0;
    %nor/r;
    %flag_set/vec4 8;
    %flag_or 8, 9;
    %load/vec4 v0x56403876c630_0;
    %cmpi/ne 0, 0, 4;
    %flag_or 4, 8;
    %jmp/0xz  T_1.0, 4;
    %vpi_call 2 23 "$fatal", 32'sb00000000000000000000000000000001, "ADDI decode failed" {0 0 0};
T_1.0 ;
    %pushi/vec4 3153955, 0, 32;
    %store/vec4 v0x56403876ca90_0, 0, 32;
    %delay 1000, 0;
    %load/vec4 v0x56403876c920_0;
    %flag_set/vec4 8;
    %load/vec4 v0x56403876ce60_0;
    %nor/r;
    %flag_set/vec4 9;
    %flag_or 9, 8;
    %load/vec4 v0x56403876cf30_0;
    %flag_set/vec4 8;
    %flag_or 8, 9;
    %load/vec4 v0x56403876c9c0_0;
    %cmpi/ne 1, 0, 3;
    %flag_or 4, 8;
    %jmp/0xz  T_1.2, 4;
    %vpi_call 2 27 "$fatal", 32'sb00000000000000000000000000000001, "SW decode failed" {0 0 0};
T_1.2 ;
    %pushi/vec4 37851235, 0, 32;
    %store/vec4 v0x56403876ca90_0, 0, 32;
    %delay 1000, 0;
    %load/vec4 v0x56403876c920_0;
    %flag_set/vec4 8;
    %load/vec4 v0x56403876c850_0;
    %nor/r;
    %flag_set/vec4 9;
    %flag_or 9, 8;
    %load/vec4 v0x56403876c9c0_0;
    %cmpi/ne 2, 0, 3;
    %flag_or 4, 9;
    %jmp/0xz  T_1.4, 4;
    %vpi_call 2 31 "$fatal", 32'sb00000000000000000000000000000001, "BNE decode failed" {0 0 0};
T_1.4 ;
    %pushi/vec4 33554483, 0, 32;
    %store/vec4 v0x56403876ca90_0, 0, 32;
    %delay 1000, 0;
    %load/vec4 v0x56403876c920_0;
    %nor/r;
    %flag_set/vec4 8;
    %jmp/0xz  T_1.6, 8;
    %vpi_call 2 34 "$fatal", 32'sb00000000000000000000000000000001, "unsupported MUL was not marked illegal" {0 0 0};
T_1.6 ;
    %vpi_call 2 36 "$display", "TB_DECODER PASS" {0 0 0};
    %vpi_call 2 37 "$finish" {0 0 0};
    %end;
    .thread T_1;
# The file index is used to find the file name in the following table.
:file_names 4;
    "N/A";
    "<interactive>";
    "tb/tb_decoder.v";
    "src/rv32_decoder.v";
