#! /usr/bin/vvp
:ivl_version "10.3 (stable)";
:ivl_delay_selection "TYPICAL";
:vpi_time_precision - 12;
:vpi_module "system";
:vpi_module "vhdl_sys";
:vpi_module "v2005_math";
:vpi_module "va_math";
S_0x55db273bea10 .scope module, "tb_immgen" "tb_immgen" 2 4;
 .timescale -9 -12;
v0x55db273df4f0_0 .var/i "errors", 31 0;
v0x55db273df5d0_0 .net "imm", 31 0, v0x55db273df1a0_0;  1 drivers
v0x55db273df6c0_0 .var "imm_sel", 2 0;
v0x55db273df7c0_0 .var "instr", 31 0;
S_0x55db273beb90 .scope task, "check" "check" 2 12, 2 12 0, S_0x55db273bea10;
 .timescale -9 -12;
v0x55db27395060_0 .var "expected", 31 0;
v0x55db273ded80_0 .var "t_instr", 31 0;
v0x55db273dee60_0 .var "t_sel", 2 0;
TD_tb_immgen.check ;
    %load/vec4 v0x55db273ded80_0;
    %store/vec4 v0x55db273df7c0_0, 0, 32;
    %load/vec4 v0x55db273dee60_0;
    %store/vec4 v0x55db273df6c0_0, 0, 3;
    %delay 1000, 0;
    %load/vec4 v0x55db273df5d0_0;
    %load/vec4 v0x55db27395060_0;
    %cmp/ne;
    %jmp/0xz  T_0.0, 6;
    %vpi_call 2 19 "$display", "IMM FAIL instr=%h got=%h expected=%h", v0x55db273ded80_0, v0x55db273df5d0_0, v0x55db27395060_0 {0 0 0};
    %load/vec4 v0x55db273df4f0_0;
    %addi 1, 0, 32;
    %store/vec4 v0x55db273df4f0_0, 0, 32;
T_0.0 ;
    %end;
S_0x55db273def20 .scope module, "dut" "rv32_immgen" 2 10, 3 3 0, S_0x55db273bea10;
 .timescale 0 0;
    .port_info 0 /INPUT 32 "instr"
    .port_info 1 /INPUT 3 "imm_sel"
    .port_info 2 /OUTPUT 32 "imm"
v0x55db273df1a0_0 .var "imm", 31 0;
v0x55db273df2a0_0 .net "imm_sel", 2 0, v0x55db273df6c0_0;  1 drivers
v0x55db273df380_0 .net "instr", 31 0, v0x55db273df7c0_0;  1 drivers
E_0x55db273c3610 .event edge, v0x55db273df2a0_0, v0x55db273df380_0;
    .scope S_0x55db273def20;
T_1 ;
    %wait E_0x55db273c3610;
    %load/vec4 v0x55db273df2a0_0;
    %dup/vec4;
    %pushi/vec4 0, 0, 3;
    %cmp/u;
    %jmp/1 T_1.0, 6;
    %dup/vec4;
    %pushi/vec4 1, 0, 3;
    %cmp/u;
    %jmp/1 T_1.1, 6;
    %dup/vec4;
    %pushi/vec4 2, 0, 3;
    %cmp/u;
    %jmp/1 T_1.2, 6;
    %dup/vec4;
    %pushi/vec4 3, 0, 3;
    %cmp/u;
    %jmp/1 T_1.3, 6;
    %dup/vec4;
    %pushi/vec4 4, 0, 3;
    %cmp/u;
    %jmp/1 T_1.4, 6;
    %pushi/vec4 0, 0, 32;
    %store/vec4 v0x55db273df1a0_0, 0, 32;
    %jmp T_1.6;
T_1.0 ;
    %load/vec4 v0x55db273df380_0;
    %parti/s 1, 31, 6;
    %replicate 20;
    %load/vec4 v0x55db273df380_0;
    %parti/s 12, 20, 6;
    %concat/vec4; draw_concat_vec4
    %store/vec4 v0x55db273df1a0_0, 0, 32;
    %jmp T_1.6;
T_1.1 ;
    %load/vec4 v0x55db273df380_0;
    %parti/s 1, 31, 6;
    %replicate 20;
    %load/vec4 v0x55db273df380_0;
    %parti/s 7, 25, 6;
    %concat/vec4; draw_concat_vec4
    %load/vec4 v0x55db273df380_0;
    %parti/s 5, 7, 4;
    %concat/vec4; draw_concat_vec4
    %store/vec4 v0x55db273df1a0_0, 0, 32;
    %jmp T_1.6;
T_1.2 ;
    %load/vec4 v0x55db273df380_0;
    %parti/s 1, 31, 6;
    %replicate 19;
    %load/vec4 v0x55db273df380_0;
    %parti/s 1, 31, 6;
    %concat/vec4; draw_concat_vec4
    %load/vec4 v0x55db273df380_0;
    %parti/s 1, 7, 4;
    %concat/vec4; draw_concat_vec4
    %load/vec4 v0x55db273df380_0;
    %parti/s 6, 25, 6;
    %concat/vec4; draw_concat_vec4
    %load/vec4 v0x55db273df380_0;
    %parti/s 4, 8, 5;
    %concat/vec4; draw_concat_vec4
    %concati/vec4 0, 0, 1;
    %store/vec4 v0x55db273df1a0_0, 0, 32;
    %jmp T_1.6;
T_1.3 ;
    %load/vec4 v0x55db273df380_0;
    %parti/s 20, 12, 5;
    %concati/vec4 0, 0, 12;
    %store/vec4 v0x55db273df1a0_0, 0, 32;
    %jmp T_1.6;
T_1.4 ;
    %load/vec4 v0x55db273df380_0;
    %parti/s 1, 31, 6;
    %replicate 11;
    %load/vec4 v0x55db273df380_0;
    %parti/s 1, 31, 6;
    %concat/vec4; draw_concat_vec4
    %load/vec4 v0x55db273df380_0;
    %parti/s 8, 12, 5;
    %concat/vec4; draw_concat_vec4
    %load/vec4 v0x55db273df380_0;
    %parti/s 1, 20, 6;
    %concat/vec4; draw_concat_vec4
    %load/vec4 v0x55db273df380_0;
    %parti/s 10, 21, 6;
    %concat/vec4; draw_concat_vec4
    %concati/vec4 0, 0, 1;
    %store/vec4 v0x55db273df1a0_0, 0, 32;
    %jmp T_1.6;
T_1.6 ;
    %pop/vec4 1;
    %jmp T_1;
    .thread T_1, $push;
    .scope S_0x55db273bea10;
T_2 ;
    %pushi/vec4 0, 0, 32;
    %store/vec4 v0x55db273df4f0_0, 0, 32;
    %pushi/vec4 4293918867, 0, 32;
    %store/vec4 v0x55db273ded80_0, 0, 32;
    %pushi/vec4 0, 0, 3;
    %store/vec4 v0x55db273dee60_0, 0, 3;
    %pushi/vec4 4294967295, 0, 32;
    %store/vec4 v0x55db27395060_0, 0, 32;
    %fork TD_tb_immgen.check, S_0x55db273beb90;
    %join;
    %pushi/vec4 3221027, 0, 32;
    %store/vec4 v0x55db273ded80_0, 0, 32;
    %pushi/vec4 1, 0, 3;
    %store/vec4 v0x55db273dee60_0, 0, 3;
    %pushi/vec4 12, 0, 32;
    %store/vec4 v0x55db27395060_0, 0, 32;
    %fork TD_tb_immgen.check, S_0x55db273beb90;
    %join;
    %pushi/vec4 37851235, 0, 32;
    %store/vec4 v0x55db273ded80_0, 0, 32;
    %pushi/vec4 2, 0, 3;
    %store/vec4 v0x55db273dee60_0, 0, 3;
    %pushi/vec4 32, 0, 32;
    %store/vec4 v0x55db27395060_0, 0, 32;
    %fork TD_tb_immgen.check, S_0x55db273beb90;
    %join;
    %pushi/vec4 305418935, 0, 32;
    %store/vec4 v0x55db273ded80_0, 0, 32;
    %pushi/vec4 3, 0, 3;
    %store/vec4 v0x55db273dee60_0, 0, 3;
    %pushi/vec4 305418240, 0, 32;
    %store/vec4 v0x55db27395060_0, 0, 32;
    %fork TD_tb_immgen.check, S_0x55db273beb90;
    %join;
    %pushi/vec4 4292866159, 0, 32;
    %store/vec4 v0x55db273ded80_0, 0, 32;
    %pushi/vec4 4, 0, 3;
    %store/vec4 v0x55db273dee60_0, 0, 3;
    %pushi/vec4 4294967292, 0, 32;
    %store/vec4 v0x55db27395060_0, 0, 32;
    %fork TD_tb_immgen.check, S_0x55db273beb90;
    %join;
    %load/vec4 v0x55db273df4f0_0;
    %cmpi/e 0, 0, 32;
    %jmp/0xz  T_2.0, 4;
    %vpi_call 2 32 "$display", "TB_IMMGEN PASS" {0 0 0};
    %jmp T_2.1;
T_2.0 ;
    %vpi_call 2 33 "$fatal", 32'sb00000000000000000000000000000001, "TB_IMMGEN FAIL: %0d errors", v0x55db273df4f0_0 {0 0 0};
T_2.1 ;
    %vpi_call 2 34 "$finish" {0 0 0};
    %end;
    .thread T_2;
# The file index is used to find the file name in the following table.
:file_names 4;
    "N/A";
    "<interactive>";
    "tb/tb_immgen.v";
    "src/rv32_immgen.v";
