#! /usr/bin/vvp
:ivl_version "10.3 (stable)";
:ivl_delay_selection "TYPICAL";
:vpi_time_precision - 12;
:vpi_module "system";
:vpi_module "vhdl_sys";
:vpi_module "v2005_math";
:vpi_module "va_math";
S_0x55988580ca10 .scope module, "tb_regfile" "tb_regfile" 2 3;
 .timescale -9 -12;
v0x559885832450_0 .var "clk", 0 0;
v0x559885832510_0 .var "rd_addr", 4 0;
v0x5598858325b0_0 .var "rd_data", 31 0;
v0x559885832650_0 .var "rd_we", 0 0;
v0x5598858326f0_0 .var "rs1_addr", 4 0;
v0x559885832790_0 .net "rs1_data", 31 0, L_0x559885842e70;  1 drivers
v0x559885832860_0 .var "rs2_addr", 4 0;
v0x559885832930_0 .net "rs2_data", 31 0, L_0x559885843430;  1 drivers
v0x559885832a00_0 .var "rst_n", 0 0;
E_0x55988580d580 .event posedge, v0x559885831a10_0;
S_0x55988580cb90 .scope module, "dut" "rv32_regfile" 2 16, 3 1 0, S_0x55988580ca10;
 .timescale 0 0;
    .port_info 0 /INPUT 1 "clk"
    .port_info 1 /INPUT 1 "rst_n"
    .port_info 2 /INPUT 5 "rs1_addr"
    .port_info 3 /INPUT 5 "rs2_addr"
    .port_info 4 /OUTPUT 32 "rs1_data"
    .port_info 5 /OUTPUT 32 "rs2_data"
    .port_info 6 /INPUT 1 "rd_we"
    .port_info 7 /INPUT 5 "rd_addr"
    .port_info 8 /INPUT 32 "rd_data"
L_0x7ff654bec018 .functor BUFT 1, C4<00000>, C4<0>, C4<0>, C4<0>;
v0x5598857fbbf0_0 .net/2u *"_s0", 4 0, L_0x7ff654bec018;  1 drivers
L_0x7ff654bec0a8 .functor BUFT 1, C4<00>, C4<0>, C4<0>, C4<0>;
v0x5598857fbf30_0 .net *"_s11", 1 0, L_0x7ff654bec0a8;  1 drivers
L_0x7ff654bec0f0 .functor BUFT 1, C4<00000>, C4<0>, C4<0>, C4<0>;
v0x5598857fc4e0_0 .net/2u *"_s14", 4 0, L_0x7ff654bec0f0;  1 drivers
v0x5598857fd240_0 .net *"_s16", 0 0, L_0x559885843080;  1 drivers
L_0x7ff654bec138 .functor BUFT 1, C4<00000000000000000000000000000000>, C4<0>, C4<0>, C4<0>;
v0x5598858312e0_0 .net/2u *"_s18", 31 0, L_0x7ff654bec138;  1 drivers
v0x559885831410_0 .net *"_s2", 0 0, L_0x559885832b00;  1 drivers
v0x5598858314d0_0 .net *"_s20", 31 0, L_0x559885843210;  1 drivers
v0x5598858315b0_0 .net *"_s22", 6 0, L_0x5598858432f0;  1 drivers
L_0x7ff654bec180 .functor BUFT 1, C4<00>, C4<0>, C4<0>, C4<0>;
v0x559885831690_0 .net *"_s25", 1 0, L_0x7ff654bec180;  1 drivers
L_0x7ff654bec060 .functor BUFT 1, C4<00000000000000000000000000000000>, C4<0>, C4<0>, C4<0>;
v0x559885831770_0 .net/2u *"_s4", 31 0, L_0x7ff654bec060;  1 drivers
v0x559885831850_0 .net *"_s6", 31 0, L_0x559885842c30;  1 drivers
v0x559885831930_0 .net *"_s8", 6 0, L_0x559885842d30;  1 drivers
v0x559885831a10_0 .net "clk", 0 0, v0x559885832450_0;  1 drivers
v0x559885831ad0_0 .var/i "i", 31 0;
v0x559885831bb0_0 .net "rd_addr", 4 0, v0x559885832510_0;  1 drivers
v0x559885831c90_0 .net "rd_data", 31 0, v0x5598858325b0_0;  1 drivers
v0x559885831d70_0 .net "rd_we", 0 0, v0x559885832650_0;  1 drivers
v0x559885831e30 .array "regs", 31 0, 31 0;
v0x559885831ef0_0 .net "rs1_addr", 4 0, v0x5598858326f0_0;  1 drivers
v0x559885831fd0_0 .net "rs1_data", 31 0, L_0x559885842e70;  alias, 1 drivers
v0x5598858320b0_0 .net "rs2_addr", 4 0, v0x559885832860_0;  1 drivers
v0x559885832190_0 .net "rs2_data", 31 0, L_0x559885843430;  alias, 1 drivers
v0x559885832270_0 .net "rst_n", 0 0, v0x559885832a00_0;  1 drivers
E_0x55988580d130/0 .event negedge, v0x559885832270_0;
E_0x55988580d130/1 .event posedge, v0x559885831a10_0;
E_0x55988580d130 .event/or E_0x55988580d130/0, E_0x55988580d130/1;
L_0x559885832b00 .cmp/eq 5, v0x5598858326f0_0, L_0x7ff654bec018;
L_0x559885842c30 .array/port v0x559885831e30, L_0x559885842d30;
L_0x559885842d30 .concat [ 5 2 0 0], v0x5598858326f0_0, L_0x7ff654bec0a8;
L_0x559885842e70 .functor MUXZ 32, L_0x559885842c30, L_0x7ff654bec060, L_0x559885832b00, C4<>;
L_0x559885843080 .cmp/eq 5, v0x559885832860_0, L_0x7ff654bec0f0;
L_0x559885843210 .array/port v0x559885831e30, L_0x5598858432f0;
L_0x5598858432f0 .concat [ 5 2 0 0], v0x559885832860_0, L_0x7ff654bec180;
L_0x559885843430 .functor MUXZ 32, L_0x559885843210, L_0x7ff654bec138, L_0x559885843080, C4<>;
    .scope S_0x55988580cb90;
T_0 ;
    %wait E_0x55988580d130;
    %load/vec4 v0x559885832270_0;
    %nor/r;
    %flag_set/vec4 8;
    %jmp/0xz  T_0.0, 8;
    %pushi/vec4 0, 0, 32;
    %store/vec4 v0x559885831ad0_0, 0, 32;
T_0.2 ;
    %load/vec4 v0x559885831ad0_0;
    %cmpi/s 32, 0, 32;
    %jmp/0xz T_0.3, 5;
    %pushi/vec4 0, 0, 32;
    %ix/getv/s 3, v0x559885831ad0_0;
    %ix/load 4, 0, 0; Constant delay
    %assign/vec4/a/d v0x559885831e30, 0, 4;
    %load/vec4 v0x559885831ad0_0;
    %addi 1, 0, 32;
    %store/vec4 v0x559885831ad0_0, 0, 32;
    %jmp T_0.2;
T_0.3 ;
    %jmp T_0.1;
T_0.0 ;
    %load/vec4 v0x559885831d70_0;
    %load/vec4 v0x559885831bb0_0;
    %pushi/vec4 0, 0, 5;
    %cmp/e;
    %flag_get/vec4 4;
    %inv;
    %and;
    %flag_set/vec4 8;
    %jmp/0xz  T_0.4, 8;
    %load/vec4 v0x559885831c90_0;
    %load/vec4 v0x559885831bb0_0;
    %pad/u 7;
    %ix/vec4 3;
    %ix/load 4, 0, 0; Constant delay
    %assign/vec4/a/d v0x559885831e30, 0, 4;
T_0.4 ;
T_0.1 ;
    %jmp T_0;
    .thread T_0;
    .scope S_0x55988580ca10;
T_1 ;
    %pushi/vec4 0, 0, 1;
    %store/vec4 v0x559885832450_0, 0, 1;
    %pushi/vec4 0, 0, 1;
    %store/vec4 v0x559885832a00_0, 0, 1;
    %pushi/vec4 0, 0, 5;
    %store/vec4 v0x5598858326f0_0, 0, 5;
    %pushi/vec4 0, 0, 5;
    %store/vec4 v0x559885832860_0, 0, 5;
    %pushi/vec4 0, 0, 1;
    %store/vec4 v0x559885832650_0, 0, 1;
    %pushi/vec4 0, 0, 5;
    %store/vec4 v0x559885832510_0, 0, 5;
    %pushi/vec4 0, 0, 32;
    %store/vec4 v0x5598858325b0_0, 0, 32;
    %end;
    .thread T_1;
    .scope S_0x55988580ca10;
T_2 ;
    %delay 5000, 0;
    %load/vec4 v0x559885832450_0;
    %inv;
    %store/vec4 v0x559885832450_0, 0, 1;
    %jmp T_2;
    .thread T_2;
    .scope S_0x55988580ca10;
T_3 ;
    %pushi/vec4 2, 0, 32;
T_3.0 %dup/vec4;
    %pushi/vec4 0, 0, 32;
    %cmp/s;
    %jmp/1xz T_3.1, 5;
    %jmp/1 T_3.1, 4;
    %pushi/vec4 1, 0, 32;
    %sub;
    %wait E_0x55988580d580;
    %jmp T_3.0;
T_3.1 ;
    %pop/vec4 1;
    %pushi/vec4 1, 0, 1;
    %assign/vec4 v0x559885832a00_0, 0;
    %wait E_0x55988580d580;
    %pushi/vec4 1, 0, 1;
    %assign/vec4 v0x559885832650_0, 0;
    %pushi/vec4 3, 0, 5;
    %assign/vec4 v0x559885832510_0, 0;
    %pushi/vec4 305419896, 0, 32;
    %assign/vec4 v0x5598858325b0_0, 0;
    %wait E_0x55988580d580;
    %pushi/vec4 0, 0, 1;
    %assign/vec4 v0x559885832650_0, 0;
    %pushi/vec4 3, 0, 5;
    %assign/vec4 v0x5598858326f0_0, 0;
    %delay 1000, 0;
    %load/vec4 v0x559885832790_0;
    %cmpi/ne 305419896, 0, 32;
    %jmp/0xz  T_3.2, 6;
    %vpi_call 2 30 "$fatal", 32'sb00000000000000000000000000000001, "x3 write/read failed" {0 0 0};
T_3.2 ;
    %wait E_0x55988580d580;
    %pushi/vec4 1, 0, 1;
    %assign/vec4 v0x559885832650_0, 0;
    %pushi/vec4 0, 0, 5;
    %assign/vec4 v0x559885832510_0, 0;
    %pushi/vec4 4294967295, 0, 32;
    %assign/vec4 v0x5598858325b0_0, 0;
    %wait E_0x55988580d580;
    %pushi/vec4 0, 0, 1;
    %assign/vec4 v0x559885832650_0, 0;
    %pushi/vec4 0, 0, 5;
    %assign/vec4 v0x5598858326f0_0, 0;
    %delay 1000, 0;
    %load/vec4 v0x559885832790_0;
    %cmpi/ne 0, 0, 32;
    %jmp/0xz  T_3.4, 6;
    %vpi_call 2 37 "$fatal", 32'sb00000000000000000000000000000001, "x0 is not hard-wired to zero" {0 0 0};
T_3.4 ;
    %vpi_call 2 39 "$display", "TB_REGFILE PASS" {0 0 0};
    %vpi_call 2 40 "$finish" {0 0 0};
    %end;
    .thread T_3;
# The file index is used to find the file name in the following table.
:file_names 4;
    "N/A";
    "<interactive>";
    "tb/tb_regfile.v";
    "src/rv32_regfile.v";
